<?xml version="1.0" encoding="utf-8"?>
<TestRun id="d399d17a-52aa-4729-b83a-c83cd3d19b9d" name="jbogard@DESKTOP-0H5HNC5 2020-06-30 12:34:14" runUser="DESKTOP-0H5HNC5\jbogard" xmlns="http://microsoft.com/schemas/VisualStudio/TeamTest/2010">
  <Times creation="2020-06-30T12:34:14.4263961-05:00" queuing="2020-06-30T12:34:14.4263973-05:00" start="2020-06-30T12:34:11.0002465-05:00" finish="2020-06-30T12:34:14.5707473-05:00" />
  <TestSettings name="default" id="2a508da7-9c17-4170-952b-c7c0c426ddce">
    <Deployment runDeploymentRoot="jbogard_DESKTOP-0H5HNC5_2020-06-30_12_34_14" />
  </TestSettings>
  <Results>
    <UnitTestResult executionId="2031fa37-ffa1-4eb7-86c3-d713314200d5" testId="a4a104a9-5481-9320-cbe1-f50b50bdef49" testName="Respawn.UnitTests.GraphTests.ShouldConstructDeleteListWithMultipleEquivalentRelationships" computerName="DESKTOP-0H5HNC5" duration="00:00:00.0020000" startTime="2020-06-30T12:34:14.3685825-05:00" endTime="2020-06-30T12:34:14.3685835-05:00" testType="13cdc9d9-ddb5-4fa4-a97d-d965ccfc6d4b" outcome="Passed" testListId="8c84fa94-04c1-424b-9868-57a2d4851a1d" relativeResultsDirectory="2031fa37-ffa1-4eb7-86c3-d713314200d5" />
    <UnitTestResult executionId="cc17b717-63d6-4c88-83b5-6db491d13005" testId="673b5e75-cf92-e70b-57df-6a378c5fa1e9" testName="Respawn.UnitTests.GraphTests.ShouldConstructDeleteListWithSingleRelatedTable" computerName="DESKTOP-0H5HNC5" duration="00:00:00.0010000" startTime="2020-06-30T12:34:14.2952907-05:00" endTime="2020-06-30T12:34:14.2952912-05:00" testType="13cdc9d9-ddb5-4fa4-a97d-d965ccfc6d4b" outcome="Passed" testListId="8c84fa94-04c1-424b-9868-57a2d4851a1d" relativeResultsDirectory="cc17b717-63d6-4c88-83b5-6db491d13005" />
    <UnitTestResult executionId="079bf5a7-4c07-454e-b28e-0330c6d56b58" testId="842cca50-8555-11e0-143e-fd0e136af4e4" testName="Respawn.UnitTests.GraphTests.ShouldConstructDeleteListWithMultipleUnrelatedTables" computerName="DESKTOP-0H5HNC5" duration="00:00:00.0010000" startTime="2020-06-30T12:34:14.2952151-05:00" endTime="2020-06-30T12:34:14.2952158-05:00" testType="13cdc9d9-ddb5-4fa4-a97d-d965ccfc6d4b" outcome="Passed" testListId="8c84fa94-04c1-424b-9868-57a2d4851a1d" relativeResultsDirectory="079bf5a7-4c07-454e-b28e-0330c6d56b58" />
    <UnitTestResult executionId="47e1d327-2f90-4454-9b7f-e2765061b539" testId="d3a8e627-431e-0e16-c1c9-ea9b933fa812" testName="Respawn.UnitTests.GraphTests.ShouldConstructDeleteListWithOneTable" computerName="DESKTOP-0H5HNC5" duration="00:00:00.0270000" startTime="2020-06-30T12:34:14.2828158-05:00" endTime="2020-06-30T12:34:14.2835023-05:00" testType="13cdc9d9-ddb5-4fa4-a97d-d965ccfc6d4b" outcome="Passed" testListId="8c84fa94-04c1-424b-9868-57a2d4851a1d" relativeResultsDirectory="47e1d327-2f90-4454-9b7f-e2765061b539" />
    <UnitTestResult executionId="f213cc17-14bd-458f-a716-5739a5ce221d" testId="cec49a65-2e96-4f0c-d34d-174d05441c35" testName="Respawn.UnitTests.GraphTests.ShouldConstructDeleteListWithMultipleRelationships" computerName="DESKTOP-0H5HNC5" duration="00:00:00.0010000" startTime="2020-06-30T12:34:14.2962142-05:00" endTime="2020-06-30T12:34:14.2962170-05:00" testType="13cdc9d9-ddb5-4fa4-a97d-d965ccfc6d4b" outcome="Passed" testListId="8c84fa94-04c1-424b-9868-57a2d4851a1d" relativeResultsDirectory="f213cc17-14bd-458f-a716-5739a5ce221d" />
    <UnitTestResult executionId="332dbf7e-81cf-4ddf-b0c1-b7d81dacfa4e" testId="eabdd04b-4f85-894f-3809-674252d392f1" testName="Respawn.UnitTests.GraphTests.ShouldConstructDeleteListWithMultipleDisparateRelationships" computerName="DESKTOP-0H5HNC5" duration="00:00:00.0010000" startTime="2020-06-30T12:34:14.3678409-05:00" endTime="2020-06-30T12:34:14.3678441-05:00" testType="13cdc9d9-ddb5-4fa4-a97d-d965ccfc6d4b" outcome="Passed" testListId="8c84fa94-04c1-424b-9868-57a2d4851a1d" relativeResultsDirectory="332dbf7e-81cf-4ddf-b0c1-b7d81dacfa4e" />
    <UnitTestResult executionId="25c76674-faf0-4e71-a297-d5f7b402cbba" testId="a5a8f766-ce06-347e-06e3-b86386e9b45a" testName="Respawn.UnitTests.GraphTests.ShouldFindCyclicRelationships" computerName="DESKTOP-0H5HNC5" duration="00:00:00.0030000" startTime="2020-06-30T12:34:14.3687033-05:00" endTime="2020-06-30T12:34:14.3687043-05:00" testType="13cdc9d9-ddb5-4fa4-a97d-d965ccfc6d4b" outcome="Passed" testListId="8c84fa94-04c1-424b-9868-57a2d4851a1d" relativeResultsDirectory="25c76674-faf0-4e71-a297-d5f7b402cbba" />
    <UnitTestResult executionId="3fd21554-997f-459d-a8d6-b164b226aa42" testId="f600506a-0695-8372-70cc-ddd4415b24e0" testName="Respawn.UnitTests.GraphTests.ShouldRemoveCyclesWithoutRemovingStart" computerName="DESKTOP-0H5HNC5" duration="00:00:00.0050000" startTime="2020-06-30T12:34:14.2948864-05:00" endTime="2020-06-30T12:34:14.2948881-05:00" testType="13cdc9d9-ddb5-4fa4-a97d-d965ccfc6d4b" outcome="Passed" testListId="8c84fa94-04c1-424b-9868-57a2d4851a1d" relativeResultsDirectory="3fd21554-997f-459d-a8d6-b164b226aa42" />
    <UnitTestResult executionId="6c6877e5-ceb4-42ff-bafe-4a638061d2fc" testId="aeeb19dc-a3cd-e028-2f54-ad03d8ad6026" testName="Respawn.UnitTests.GraphTests.ShouldRemoveCyclesExcludingNormalRelationships" computerName="DESKTOP-0H5HNC5" duration="00:00:00.0020000" startTime="2020-06-30T12:34:14.3685137-05:00" endTime="2020-06-30T12:34:14.3685164-05:00" testType="13cdc9d9-ddb5-4fa4-a97d-d965ccfc6d4b" outcome="Passed" testListId="8c84fa94-04c1-424b-9868-57a2d4851a1d" relativeResultsDirectory="6c6877e5-ceb4-42ff-bafe-4a638061d2fc" />
    <UnitTestResult executionId="bdc6b056-2f94-4d77-93bb-631f20cd5467" testId="36d6562e-8586-5736-f5d9-2ac28c431843" testName="Respawn.UnitTests.GraphTests.ShouldRemoveCycles" computerName="DESKTOP-0H5HNC5" duration="00:00:00.0010000" startTime="2020-06-30T12:34:14.2952537-05:00" endTime="2020-06-30T12:34:14.2952542-05:00" testType="13cdc9d9-ddb5-4fa4-a97d-d965ccfc6d4b" outcome="Passed" testListId="8c84fa94-04c1-424b-9868-57a2d4851a1d" relativeResultsDirectory="bdc6b056-2f94-4d77-93bb-631f20cd5467" />
    <UnitTestResult executionId="5decd56b-f59c-4226-ae3a-52249c17826b" testId="08bfe55d-3b46-e1be-31c0-e9c895682f6c" testName="Respawn.UnitTests.GraphTests.ShouldIsolateCycleRelationships" computerName="DESKTOP-0H5HNC5" duration="00:00:00.0020000" startTime="2020-06-30T12:34:14.3686438-05:00" endTime="2020-06-30T12:34:14.3686449-05:00" testType="13cdc9d9-ddb5-4fa4-a97d-d965ccfc6d4b" outcome="Passed" testListId="8c84fa94-04c1-424b-9868-57a2d4851a1d" relativeResultsDirectory="5decd56b-f59c-4226-ae3a-52249c17826b" />
    <UnitTestResult executionId="72fc973a-0156-42e8-ab83-6b71bae53352" testId="3b2b3378-19bf-eac6-8cc5-aa6b75f3e16d" testName="Respawn.UnitTests.GraphTests.ShouldConstructDeleteListWithMoreComplexGraph" computerName="DESKTOP-0H5HNC5" duration="00:00:00.0020000" startTime="2020-06-30T12:34:14.2951443-05:00" endTime="2020-06-30T12:34:14.2951457-05:00" testType="13cdc9d9-ddb5-4fa4-a97d-d965ccfc6d4b" outcome="Passed" testListId="8c84fa94-04c1-424b-9868-57a2d4851a1d" relativeResultsDirectory="72fc973a-0156-42e8-ab83-6b71bae53352" />
    <UnitTestResult executionId="d5fecb52-4637-496a-aa8b-b8fa2f354847" testId="d32946d3-1a27-fd3c-da46-ce9e227636cb" testName="Respawn.UnitTests.GraphTests.ShouldIgnoreSelfReferences" computerName="DESKTOP-0H5HNC5" duration="00:00:00.0030000" startTime="2020-06-30T12:34:14.2953706-05:00" endTime="2020-06-30T12:34:14.2953711-05:00" testType="13cdc9d9-ddb5-4fa4-a97d-d965ccfc6d4b" outcome="Passed" testListId="8c84fa94-04c1-424b-9868-57a2d4851a1d" relativeResultsDirectory="d5fecb52-4637-496a-aa8b-b8fa2f354847" />
    <UnitTestResult executionId="9a668110-b770-4d40-beae-822f1fe380b1" testId="06303216-2ea9-d142-2878-d81247f3bb3f" testName="Respawn.UnitTests.GraphTests.ShouldFindMultipleCycles" computerName="DESKTOP-0H5HNC5" duration="00:00:00.0020000" startTime="2020-06-30T12:34:14.2953346-05:00" endTime="2020-06-30T12:34:14.2953352-05:00" testType="13cdc9d9-ddb5-4fa4-a97d-d965ccfc6d4b" outcome="Passed" testListId="8c84fa94-04c1-424b-9868-57a2d4851a1d" relativeResultsDirectory="9a668110-b770-4d40-beae-822f1fe380b1" />
  </Results>
  <TestDefinitions>
    <UnitTest name="Respawn.UnitTests.GraphTests.ShouldConstructDeleteListWithMultipleRelationships" storage="c:\dev\respawn\respawn.unittests\bin\release\netcoreapp2.0\respawn.unittests.dll" id="cec49a65-2e96-4f0c-d34d-174d05441c35">
      <Execution id="f213cc17-14bd-458f-a716-5739a5ce221d" />
      <TestMethod codeBase="C:\dev\Respawn\Respawn.UnitTests\bin\Release\netcoreapp2.0\Respawn.UnitTests.dll" adapterTypeName="executor://xunit/VsTestRunner2/netcoreapp" className="Respawn.UnitTests.GraphTests" name="ShouldConstructDeleteListWithMultipleRelationships" />
    </UnitTest>
    <UnitTest name="Respawn.UnitTests.GraphTests.ShouldIgnoreSelfReferences" storage="c:\dev\respawn\respawn.unittests\bin\release\netcoreapp2.0\respawn.unittests.dll" id="d32946d3-1a27-fd3c-da46-ce9e227636cb">
      <Execution id="d5fecb52-4637-496a-aa8b-b8fa2f354847" />
      <TestMethod codeBase="C:\dev\Respawn\Respawn.UnitTests\bin\Release\netcoreapp2.0\Respawn.UnitTests.dll" adapterTypeName="executor://xunit/VsTestRunner2/netcoreapp" className="Respawn.UnitTests.GraphTests" name="ShouldIgnoreSelfReferences" />
    </UnitTest>
    <UnitTest name="Respawn.UnitTests.GraphTests.ShouldConstructDeleteListWithSingleRelatedTable" storage="c:\dev\respawn\respawn.unittests\bin\release\netcoreapp2.0\respawn.unittests.dll" id="673b5e75-cf92-e70b-57df-6a378c5fa1e9">
      <Execution id="cc17b717-63d6-4c88-83b5-6db491d13005" />
      <TestMethod codeBase="C:\dev\Respawn\Respawn.UnitTests\bin\Release\netcoreapp2.0\Respawn.UnitTests.dll" adapterTypeName="executor://xunit/VsTestRunner2/netcoreapp" className="Respawn.UnitTests.GraphTests" name="ShouldConstructDeleteListWithSingleRelatedTable" />
    </UnitTest>
    <UnitTest name="Respawn.UnitTests.GraphTests.ShouldFindCyclicRelationships" storage="c:\dev\respawn\respawn.unittests\bin\release\netcoreapp2.0\respawn.unittests.dll" id="a5a8f766-ce06-347e-06e3-b86386e9b45a">
      <Execution id="25c76674-faf0-4e71-a297-d5f7b402cbba" />
      <TestMethod codeBase="C:\dev\Respawn\Respawn.UnitTests\bin\Release\netcoreapp2.0\Respawn.UnitTests.dll" adapterTypeName="executor://xunit/VsTestRunner2/netcoreapp" className="Respawn.UnitTests.GraphTests" name="ShouldFindCyclicRelationships" />
    </UnitTest>
    <UnitTest name="Respawn.UnitTests.GraphTests.ShouldIsolateCycleRelationships" storage="c:\dev\respawn\respawn.unittests\bin\release\netcoreapp2.0\respawn.unittests.dll" id="08bfe55d-3b46-e1be-31c0-e9c895682f6c">
      <Execution id="5decd56b-f59c-4226-ae3a-52249c17826b" />
      <TestMethod codeBase="C:\dev\Respawn\Respawn.UnitTests\bin\Release\netcoreapp2.0\Respawn.UnitTests.dll" adapterTypeName="executor://xunit/VsTestRunner2/netcoreapp" className="Respawn.UnitTests.GraphTests" name="ShouldIsolateCycleRelationships" />
    </UnitTest>
    <UnitTest name="Respawn.UnitTests.GraphTests.ShouldConstructDeleteListWithMultipleEquivalentRelationships" storage="c:\dev\respawn\respawn.unittests\bin\release\netcoreapp2.0\respawn.unittests.dll" id="a4a104a9-5481-9320-cbe1-f50b50bdef49">
      <Execution id="2031fa37-ffa1-4eb7-86c3-d713314200d5" />
      <TestMethod codeBase="C:\dev\Respawn\Respawn.UnitTests\bin\Release\netcoreapp2.0\Respawn.UnitTests.dll" adapterTypeName="executor://xunit/VsTestRunner2/netcoreapp" className="Respawn.UnitTests.GraphTests" name="ShouldConstructDeleteListWithMultipleEquivalentRelationships" />
    </UnitTest>
    <UnitTest name="Respawn.UnitTests.GraphTests.ShouldConstructDeleteListWithMultipleUnrelatedTables" storage="c:\dev\respawn\respawn.unittests\bin\release\netcoreapp2.0\respawn.unittests.dll" id="842cca50-8555-11e0-143e-fd0e136af4e4">
      <Execution id="079bf5a7-4c07-454e-b28e-0330c6d56b58" />
      <TestMethod codeBase="C:\dev\Respawn\Respawn.UnitTests\bin\Release\netcoreapp2.0\Respawn.UnitTests.dll" adapterTypeName="executor://xunit/VsTestRunner2/netcoreapp" className="Respawn.UnitTests.GraphTests" name="ShouldConstructDeleteListWithMultipleUnrelatedTables" />
    </UnitTest>
    <UnitTest name="Respawn.UnitTests.GraphTests.ShouldConstructDeleteListWithOneTable" storage="c:\dev\respawn\respawn.unittests\bin\release\netcoreapp2.0\respawn.unittests.dll" id="d3a8e627-431e-0e16-c1c9-ea9b933fa812">
      <Execution id="47e1d327-2f90-4454-9b7f-e2765061b539" />
      <TestMethod codeBase="C:\dev\Respawn\Respawn.UnitTests\bin\Release\netcoreapp2.0\Respawn.UnitTests.dll" adapterTypeName="executor://xunit/VsTestRunner2/netcoreapp" className="Respawn.UnitTests.GraphTests" name="ShouldConstructDeleteListWithOneTable" />
    </UnitTest>
    <UnitTest name="Respawn.UnitTests.GraphTests.ShouldRemoveCycles" storage="c:\dev\respawn\respawn.unittests\bin\release\netcoreapp2.0\respawn.unittests.dll" id="36d6562e-8586-5736-f5d9-2ac28c431843">
      <Execution id="bdc6b056-2f94-4d77-93bb-631f20cd5467" />
      <TestMethod codeBase="C:\dev\Respawn\Respawn.UnitTests\bin\Release\netcoreapp2.0\Respawn.UnitTests.dll" adapterTypeName="executor://xunit/VsTestRunner2/netcoreapp" className="Respawn.UnitTests.GraphTests" name="ShouldRemoveCycles" />
    </UnitTest>
    <UnitTest name="Respawn.UnitTests.GraphTests.ShouldFindMultipleCycles" storage="c:\dev\respawn\respawn.unittests\bin\release\netcoreapp2.0\respawn.unittests.dll" id="06303216-2ea9-d142-2878-d81247f3bb3f">
      <Execution id="9a668110-b770-4d40-beae-822f1fe380b1" />
      <TestMethod codeBase="C:\dev\Respawn\Respawn.UnitTests\bin\Release\netcoreapp2.0\Respawn.UnitTests.dll" adapterTypeName="executor://xunit/VsTestRunner2/netcoreapp" className="Respawn.UnitTests.GraphTests" name="ShouldFindMultipleCycles" />
    </UnitTest>
    <UnitTest name="Respawn.UnitTests.GraphTests.ShouldRemoveCyclesExcludingNormalRelationships" storage="c:\dev\respawn\respawn.unittests\bin\release\netcoreapp2.0\respawn.unittests.dll" id="aeeb19dc-a3cd-e028-2f54-ad03d8ad6026">
      <Execution id="6c6877e5-ceb4-42ff-bafe-4a638061d2fc" />
      <TestMethod codeBase="C:\dev\Respawn\Respawn.UnitTests\bin\Release\netcoreapp2.0\Respawn.UnitTests.dll" adapterTypeName="executor://xunit/VsTestRunner2/netcoreapp" className="Respawn.UnitTests.GraphTests" name="ShouldRemoveCyclesExcludingNormalRelationships" />
    </UnitTest>
    <UnitTest name="Respawn.UnitTests.GraphTests.ShouldConstructDeleteListWithMultipleDisparateRelationships" storage="c:\dev\respawn\respawn.unittests\bin\release\netcoreapp2.0\respawn.unittests.dll" id="eabdd04b-4f85-894f-3809-674252d392f1">
      <Execution id="332dbf7e-81cf-4ddf-b0c1-b7d81dacfa4e" />
      <TestMethod codeBase="C:\dev\Respawn\Respawn.UnitTests\bin\Release\netcoreapp2.0\Respawn.UnitTests.dll" adapterTypeName="executor://xunit/VsTestRunner2/netcoreapp" className="Respawn.UnitTests.GraphTests" name="ShouldConstructDeleteListWithMultipleDisparateRelationships" />
    </UnitTest>
    <UnitTest name="Respawn.UnitTests.GraphTests.ShouldConstructDeleteListWithMoreComplexGraph" storage="c:\dev\respawn\respawn.unittests\bin\release\netcoreapp2.0\respawn.unittests.dll" id="3b2b3378-19bf-eac6-8cc5-aa6b75f3e16d">
      <Execution id="72fc973a-0156-42e8-ab83-6b71bae53352" />
      <TestMethod codeBase="C:\dev\Respawn\Respawn.UnitTests\bin\Release\netcoreapp2.0\Respawn.UnitTests.dll" adapterTypeName="executor://xunit/VsTestRunner2/netcoreapp" className="Respawn.UnitTests.GraphTests" name="ShouldConstructDeleteListWithMoreComplexGraph" />
    </UnitTest>
    <UnitTest name="Respawn.UnitTests.GraphTests.ShouldRemoveCyclesWithoutRemovingStart" storage="c:\dev\respawn\respawn.unittests\bin\release\netcoreapp2.0\respawn.unittests.dll" id="f600506a-0695-8372-70cc-ddd4415b24e0">
      <Execution id="3fd21554-997f-459d-a8d6-b164b226aa42" />
      <TestMethod codeBase="C:\dev\Respawn\Respawn.UnitTests\bin\Release\netcoreapp2.0\Respawn.UnitTests.dll" adapterTypeName="executor://xunit/VsTestRunner2/netcoreapp" className="Respawn.UnitTests.GraphTests" name="ShouldRemoveCyclesWithoutRemovingStart" />
    </UnitTest>
  </TestDefinitions>
  <TestEntries>
    <TestEntry testId="a4a104a9-5481-9320-cbe1-f50b50bdef49" executionId="2031fa37-ffa1-4eb7-86c3-d713314200d5" testListId="8c84fa94-04c1-424b-9868-57a2d4851a1d" />
    <TestEntry testId="673b5e75-cf92-e70b-57df-6a378c5fa1e9" executionId="cc17b717-63d6-4c88-83b5-6db491d13005" testListId="8c84fa94-04c1-424b-9868-57a2d4851a1d" />
    <TestEntry testId="842cca50-8555-11e0-143e-fd0e136af4e4" executionId="079bf5a7-4c07-454e-b28e-0330c6d56b58" testListId="8c84fa94-04c1-424b-9868-57a2d4851a1d" />
    <TestEntry testId="d3a8e627-431e-0e16-c1c9-ea9b933fa812" executionId="47e1d327-2f90-4454-9b7f-e2765061b539" testListId="8c84fa94-04c1-424b-9868-57a2d4851a1d" />
    <TestEntry testId="cec49a65-2e96-4f0c-d34d-174d05441c35" executionId="f213cc17-14bd-458f-a716-5739a5ce221d" testListId="8c84fa94-04c1-424b-9868-57a2d4851a1d" />
    <TestEntry testId="eabdd04b-4f85-894f-3809-674252d392f1" executionId="332dbf7e-81cf-4ddf-b0c1-b7d81dacfa4e" testListId="8c84fa94-04c1-424b-9868-57a2d4851a1d" />
    <TestEntry testId="a5a8f766-ce06-347e-06e3-b86386e9b45a" executionId="25c76674-faf0-4e71-a297-d5f7b402cbba" testListId="8c84fa94-04c1-424b-9868-57a2d4851a1d" />
    <TestEntry testId="f600506a-0695-8372-70cc-ddd4415b24e0" executionId="3fd21554-997f-459d-a8d6-b164b226aa42" testListId="8c84fa94-04c1-424b-9868-57a2d4851a1d" />
    <TestEntry testId="aeeb19dc-a3cd-e028-2f54-ad03d8ad6026" executionId="6c6877e5-ceb4-42ff-bafe-4a638061d2fc" testListId="8c84fa94-04c1-424b-9868-57a2d4851a1d" />
    <TestEntry testId="36d6562e-8586-5736-f5d9-2ac28c431843" executionId="bdc6b056-2f94-4d77-93bb-631f20cd5467" testListId="8c84fa94-04c1-424b-9868-57a2d4851a1d" />
    <TestEntry testId="08bfe55d-3b46-e1be-31c0-e9c895682f6c" executionId="5decd56b-f59c-4226-ae3a-52249c17826b" testListId="8c84fa94-04c1-424b-9868-57a2d4851a1d" />
    <TestEntry testId="3b2b3378-19bf-eac6-8cc5-aa6b75f3e16d" executionId="72fc973a-0156-42e8-ab83-6b71bae53352" testListId="8c84fa94-04c1-424b-9868-57a2d4851a1d" />
    <TestEntry testId="d32946d3-1a27-fd3c-da46-ce9e227636cb" executionId="d5fecb52-4637-496a-aa8b-b8fa2f354847" testListId="8c84fa94-04c1-424b-9868-57a2d4851a1d" />
    <TestEntry testId="06303216-2ea9-d142-2878-d81247f3bb3f" executionId="9a668110-b770-4d40-beae-822f1fe380b1" testListId="8c84fa94-04c1-424b-9868-57a2d4851a1d" />
  </TestEntries>
  <TestLists>
    <TestList name="Results Not in a List" id="8c84fa94-04c1-424b-9868-57a2d4851a1d" />
    <TestList name="All Loaded Results" id="19431567-8539-422a-85d7-44ee4e166bda" />
  </TestLists>
  <ResultSummary outcome="Completed">
    <Counters total="14" executed="14" passed="14" failed="0" error="0" timeout="0" aborted="0" inconclusive="0" passedButRunAborted="0" notRunnable="0" notExecuted="0" disconnected="0" warning="0" completed="0" inProgress="0" pending="0" />
    <Output>
      <StdOut>[xUnit.net 00:00:00.9847139]   Discovering: Respawn.UnitTests&#xD;
[xUnit.net 00:00:01.1121609]   Discovered:  Respawn.UnitTests&#xD;
[xUnit.net 00:00:01.1271263]   Starting:    Respawn.UnitTests&#xD;
[xUnit.net 00:00:01.4467881]   Finished:    Respawn.UnitTests&#xD;
</StdOut>
    </Output>
  </ResultSummary>
</TestRun>