<?xml version="1.0" encoding="utf-8"?>
<TestRun id="e51316f1-51f6-4ffe-acff-91590d3a4d26" name="jbogard@DESKTOP-0H5HNC5 2020-06-30 12:34:09" runUser="DESKTOP-0H5HNC5\jbogard" xmlns="http://microsoft.com/schemas/VisualStudio/TeamTest/2010">
  <Times creation="2020-06-30T12:34:09.9741312-05:00" queuing="2020-06-30T12:34:09.9741393-05:00" start="2020-06-30T12:34:07.4691174-05:00" finish="2020-06-30T12:34:10.0777252-05:00" />
  <TestSettings name="default" id="e33c45b5-3b93-44a6-8985-24a31b6c2a6f">
    <Deployment runDeploymentRoot="jbogard_DESKTOP-0H5HNC5_2020-06-30_12_34_09" />
  </TestSettings>
  <Results>
    <UnitTestResult executionId="c6f7a73b-697b-4e1d-9b3e-cdb0ca77c995" testId="a33a8064-7782-242d-f8c6-cadc59553872" testName="Respawn.UnitTests.GraphTests.ShouldConstructDeleteListWithMultipleUnrelatedTables" computerName="DESKTOP-0H5HNC5" duration="00:00:00.0030000" startTime="2020-06-30T12:34:09.8055501-05:00" endTime="2020-06-30T12:34:09.8055501-05:00" testType="13cdc9d9-ddb5-4fa4-a97d-d965ccfc6d4b" outcome="Passed" testListId="8c84fa94-04c1-424b-9868-57a2d4851a1d" relativeResultsDirectory="c6f7a73b-697b-4e1d-9b3e-cdb0ca77c995" />
    <UnitTestResult executionId="fb055ffa-8b1e-48fd-a30f-ac658b2d892b" testId="fd0e0b81-5b71-c600-549a-a08e513e6112" testName="Respawn.UnitTests.GraphTests.ShouldConstructDeleteListWithMultipleRelationships" computerName="DESKTOP-0H5HNC5" duration="00:00:00.0030000" startTime="2020-06-30T12:34:09.8195480-05:00" endTime="2020-06-30T12:34:09.8195480-05:00" testType="13cdc9d9-ddb5-4fa4-a97d-d965ccfc6d4b" outcome="Passed" testListId="8c84fa94-04c1-424b-9868-57a2d4851a1d" relativeResultsDirectory="fb055ffa-8b1e-48fd-a30f-ac658b2d892b" />
    <UnitTestResult executionId="4ff0befc-69ad-4fd8-b620-89df9ab89323" testId="66ec047c-3182-da4e-a81b-4634d053e0f7" testName="Respawn.UnitTests.GraphTests.ShouldRemoveCyclesWithoutRemovingStart" computerName="DESKTOP-0H5HNC5" duration="00:00:00.0060000" startTime="2020-06-30T12:34:09.8005539-05:00" endTime="2020-06-30T12:34:09.8005539-05:00" testType="13cdc9d9-ddb5-4fa4-a97d-d965ccfc6d4b" outcome="Passed" testListId="8c84fa94-04c1-424b-9868-57a2d4851a1d" relativeResultsDirectory="4ff0befc-69ad-4fd8-b620-89df9ab89323" />
    <UnitTestResult executionId="6dc8d1c8-1371-4964-a35e-0242dbbea7f5" testId="46d0d1f0-5f05-d6f9-40ce-954210a50b6f" testName="Respawn.UnitTests.GraphTests.ShouldIgnoreSelfReferences" computerName="DESKTOP-0H5HNC5" duration="00:00:00.0080000" startTime="2020-06-30T12:34:09.8165516-05:00" endTime="2020-06-30T12:34:09.8165516-05:00" testType="13cdc9d9-ddb5-4fa4-a97d-d965ccfc6d4b" outcome="Passed" testListId="8c84fa94-04c1-424b-9868-57a2d4851a1d" relativeResultsDirectory="6dc8d1c8-1371-4964-a35e-0242dbbea7f5" />
    <UnitTestResult executionId="fe5bc6f7-a637-4bf0-a5f0-c291c5378821" testId="fb58bf64-d5a3-2dc0-37be-ec9a69536967" testName="Respawn.UnitTests.GraphTests.ShouldConstructDeleteListWithMultipleEquivalentRelationships" computerName="DESKTOP-0H5HNC5" duration="00:00:00.0020000" startTime="2020-06-30T12:34:09.9015514-05:00" endTime="2020-06-30T12:34:09.9015514-05:00" testType="13cdc9d9-ddb5-4fa4-a97d-d965ccfc6d4b" outcome="Passed" testListId="8c84fa94-04c1-424b-9868-57a2d4851a1d" relativeResultsDirectory="fe5bc6f7-a637-4bf0-a5f0-c291c5378821" />
    <UnitTestResult executionId="fa139fdc-9822-4f72-b34a-4bbffa86f390" testId="15d462f3-e69b-6460-3d6c-6acfce383cb3" testName="Respawn.UnitTests.GraphTests.ShouldRemoveCyclesExcludingNormalRelationships" computerName="DESKTOP-0H5HNC5" duration="00:00:00.0020000" startTime="2020-06-30T12:34:09.8975566-05:00" endTime="2020-06-30T12:34:09.8975566-05:00" testType="13cdc9d9-ddb5-4fa4-a97d-d965ccfc6d4b" outcome="Passed" testListId="8c84fa94-04c1-424b-9868-57a2d4851a1d" relativeResultsDirectory="fa139fdc-9822-4f72-b34a-4bbffa86f390" />
    <UnitTestResult executionId="f83011e0-698d-4a0c-8104-39d524d13085" testId="0c4d526c-091f-86a1-0513-4b5b57d1c9cb" testName="Respawn.UnitTests.GraphTests.ShouldConstructDeleteListWithMoreComplexGraph" computerName="DESKTOP-0H5HNC5" duration="00:00:00.0030000" startTime="2020-06-30T12:34:09.8035722-05:00" endTime="2020-06-30T12:34:09.8035722-05:00" testType="13cdc9d9-ddb5-4fa4-a97d-d965ccfc6d4b" outcome="Passed" testListId="8c84fa94-04c1-424b-9868-57a2d4851a1d" relativeResultsDirectory="f83011e0-698d-4a0c-8104-39d524d13085" />
    <UnitTestResult executionId="c3bddd29-ad29-401b-be5d-9bc06874e8a8" testId="786aef16-21c7-3d9c-32a1-742d4ca9f783" testName="Respawn.UnitTests.GraphTests.ShouldConstructDeleteListWithMultipleDisparateRelationships" computerName="DESKTOP-0H5HNC5" duration="00:00:00.0020000" startTime="2020-06-30T12:34:09.8945565-05:00" endTime="2020-06-30T12:34:09.8945565-05:00" testType="13cdc9d9-ddb5-4fa4-a97d-d965ccfc6d4b" outcome="Passed" testListId="8c84fa94-04c1-424b-9868-57a2d4851a1d" relativeResultsDirectory="c3bddd29-ad29-401b-be5d-9bc06874e8a8" />
    <UnitTestResult executionId="a46cb131-fbff-449b-ae9d-00fa5f65ca04" testId="bb4e5e31-aa8e-705a-4163-cb7b0f413b75" testName="Respawn.UnitTests.GraphTests.ShouldConstructDeleteListWithSingleRelatedTable" computerName="DESKTOP-0H5HNC5" duration="00:00:00.0010000" startTime="2020-06-30T12:34:09.8085573-05:00" endTime="2020-06-30T12:34:09.8085573-05:00" testType="13cdc9d9-ddb5-4fa4-a97d-d965ccfc6d4b" outcome="Passed" testListId="8c84fa94-04c1-424b-9868-57a2d4851a1d" relativeResultsDirectory="a46cb131-fbff-449b-ae9d-00fa5f65ca04" />
    <UnitTestResult executionId="6560812e-7fad-49f3-86c5-9784b9604741" testId="3ce16357-5d90-84a3-c9ca-62c82802f802" testName="Respawn.UnitTests.GraphTests.ShouldFindCyclicRelationships" computerName="DESKTOP-0H5HNC5" duration="00:00:00.0020000" startTime="2020-06-30T12:34:09.9125515-05:00" endTime="2020-06-30T12:34:09.9125515-05:00" testType="13cdc9d9-ddb5-4fa4-a97d-d965ccfc6d4b" outcome="Passed" testListId="8c84fa94-04c1-424b-9868-57a2d4851a1d" relativeResultsDirectory="6560812e-7fad-49f3-86c5-9784b9604741" />
    <UnitTestResult executionId="17d5c9a8-b6e7-47fc-a626-6d301f373cd3" testId="5ff2fbf9-b1ad-1503-3959-a125e13f6918" testName="Respawn.UnitTests.GraphTests.ShouldIsolateCycleRelationships" computerName="DESKTOP-0H5HNC5" duration="00:00:00.0010000" startTime="2020-06-30T12:34:09.9075551-05:00" endTime="2020-06-30T12:34:09.9075551-05:00" testType="13cdc9d9-ddb5-4fa4-a97d-d965ccfc6d4b" outcome="Passed" testListId="8c84fa94-04c1-424b-9868-57a2d4851a1d" relativeResultsDirectory="17d5c9a8-b6e7-47fc-a626-6d301f373cd3" />
    <UnitTestResult executionId="37ed2a6d-e0b5-432f-ad5d-dd70e7cb4fbd" testId="5e316135-4235-7ca8-b16c-070308769b79" testName="Respawn.UnitTests.GraphTests.ShouldConstructDeleteListWithOneTable" computerName="DESKTOP-0H5HNC5" duration="00:00:00.1990000" startTime="2020-06-30T12:34:09.7765642-05:00" endTime="2020-06-30T12:34:09.7765642-05:00" testType="13cdc9d9-ddb5-4fa4-a97d-d965ccfc6d4b" outcome="Passed" testListId="8c84fa94-04c1-424b-9868-57a2d4851a1d" relativeResultsDirectory="37ed2a6d-e0b5-432f-ad5d-dd70e7cb4fbd" />
    <UnitTestResult executionId="df8208fd-7e4c-431f-a6a1-b2b9e09621a9" testId="348d664d-a27f-9554-122e-cadd663c2237" testName="Respawn.UnitTests.GraphTests.ShouldRemoveCycles" computerName="DESKTOP-0H5HNC5" duration="00:00:00.0020000" startTime="2020-06-30T12:34:09.8065486-05:00" endTime="2020-06-30T12:34:09.8065486-05:00" testType="13cdc9d9-ddb5-4fa4-a97d-d965ccfc6d4b" outcome="Passed" testListId="8c84fa94-04c1-424b-9868-57a2d4851a1d" relativeResultsDirectory="df8208fd-7e4c-431f-a6a1-b2b9e09621a9" />
    <UnitTestResult executionId="b7685f50-9e6c-43e3-adf4-499356e51f73" testId="d11be24e-445a-0866-d363-8e1e4b4c80ca" testName="Respawn.UnitTests.GraphTests.ShouldFindMultipleCycles" computerName="DESKTOP-0H5HNC5" duration="00:00:00.0030000" startTime="2020-06-30T12:34:09.8105581-05:00" endTime="2020-06-30T12:34:09.8105581-05:00" testType="13cdc9d9-ddb5-4fa4-a97d-d965ccfc6d4b" outcome="Passed" testListId="8c84fa94-04c1-424b-9868-57a2d4851a1d" relativeResultsDirectory="b7685f50-9e6c-43e3-adf4-499356e51f73" />
  </Results>
  <TestDefinitions>
    <UnitTest name="Respawn.UnitTests.GraphTests.ShouldFindMultipleCycles" storage="c:\dev\respawn\respawn.unittests\bin\release\net461\respawn.unittests.dll" id="d11be24e-445a-0866-d363-8e1e4b4c80ca">
      <Execution id="b7685f50-9e6c-43e3-adf4-499356e51f73" />
      <TestMethod codeBase="C:\dev\Respawn\Respawn.UnitTests\bin\Release\net461\Respawn.UnitTests.dll" adapterTypeName="executor://xunit/VsTestRunner2/desktop_and_uap" className="Respawn.UnitTests.GraphTests" name="ShouldFindMultipleCycles" />
    </UnitTest>
    <UnitTest name="Respawn.UnitTests.GraphTests.ShouldConstructDeleteListWithMultipleUnrelatedTables" storage="c:\dev\respawn\respawn.unittests\bin\release\net461\respawn.unittests.dll" id="a33a8064-7782-242d-f8c6-cadc59553872">
      <Execution id="c6f7a73b-697b-4e1d-9b3e-cdb0ca77c995" />
      <TestMethod codeBase="C:\dev\Respawn\Respawn.UnitTests\bin\Release\net461\Respawn.UnitTests.dll" adapterTypeName="executor://xunit/VsTestRunner2/desktop_and_uap" className="Respawn.UnitTests.GraphTests" name="ShouldConstructDeleteListWithMultipleUnrelatedTables" />
    </UnitTest>
    <UnitTest name="Respawn.UnitTests.GraphTests.ShouldConstructDeleteListWithMoreComplexGraph" storage="c:\dev\respawn\respawn.unittests\bin\release\net461\respawn.unittests.dll" id="0c4d526c-091f-86a1-0513-4b5b57d1c9cb">
      <Execution id="f83011e0-698d-4a0c-8104-39d524d13085" />
      <TestMethod codeBase="C:\dev\Respawn\Respawn.UnitTests\bin\Release\net461\Respawn.UnitTests.dll" adapterTypeName="executor://xunit/VsTestRunner2/desktop_and_uap" className="Respawn.UnitTests.GraphTests" name="ShouldConstructDeleteListWithMoreComplexGraph" />
    </UnitTest>
    <UnitTest name="Respawn.UnitTests.GraphTests.ShouldConstructDeleteListWithSingleRelatedTable" storage="c:\dev\respawn\respawn.unittests\bin\release\net461\respawn.unittests.dll" id="bb4e5e31-aa8e-705a-4163-cb7b0f413b75">
      <Execution id="a46cb131-fbff-449b-ae9d-00fa5f65ca04" />
      <TestMethod codeBase="C:\dev\Respawn\Respawn.UnitTests\bin\Release\net461\Respawn.UnitTests.dll" adapterTypeName="executor://xunit/VsTestRunner2/desktop_and_uap" className="Respawn.UnitTests.GraphTests" name="ShouldConstructDeleteListWithSingleRelatedTable" />
    </UnitTest>
    <UnitTest name="Respawn.UnitTests.GraphTests.ShouldConstructDeleteListWithMultipleRelationships" storage="c:\dev\respawn\respawn.unittests\bin\release\net461\respawn.unittests.dll" id="fd0e0b81-5b71-c600-549a-a08e513e6112">
      <Execution id="fb055ffa-8b1e-48fd-a30f-ac658b2d892b" />
      <TestMethod codeBase="C:\dev\Respawn\Respawn.UnitTests\bin\Release\net461\Respawn.UnitTests.dll" adapterTypeName="executor://xunit/VsTestRunner2/desktop_and_uap" className="Respawn.UnitTests.GraphTests" name="ShouldConstructDeleteListWithMultipleRelationships" />
    </UnitTest>
    <UnitTest name="Respawn.UnitTests.GraphTests.ShouldRemoveCycles" storage="c:\dev\respawn\respawn.unittests\bin\release\net461\respawn.unittests.dll" id="348d664d-a27f-9554-122e-cadd663c2237">
      <Execution id="df8208fd-7e4c-431f-a6a1-b2b9e09621a9" />
      <TestMethod codeBase="C:\dev\Respawn\Respawn.UnitTests\bin\Release\net461\Respawn.UnitTests.dll" adapterTypeName="executor://xunit/VsTestRunner2/desktop_and_uap" className="Respawn.UnitTests.GraphTests" name="ShouldRemoveCycles" />
    </UnitTest>
    <UnitTest name="Respawn.UnitTests.GraphTests.ShouldRemoveCyclesWithoutRemovingStart" storage="c:\dev\respawn\respawn.unittests\bin\release\net461\respawn.unittests.dll" id="66ec047c-3182-da4e-a81b-4634d053e0f7">
      <Execution id="4ff0befc-69ad-4fd8-b620-89df9ab89323" />
      <TestMethod codeBase="C:\dev\Respawn\Respawn.UnitTests\bin\Release\net461\Respawn.UnitTests.dll" adapterTypeName="executor://xunit/VsTestRunner2/desktop_and_uap" className="Respawn.UnitTests.GraphTests" name="ShouldRemoveCyclesWithoutRemovingStart" />
    </UnitTest>
    <UnitTest name="Respawn.UnitTests.GraphTests.ShouldConstructDeleteListWithOneTable" storage="c:\dev\respawn\respawn.unittests\bin\release\net461\respawn.unittests.dll" id="5e316135-4235-7ca8-b16c-070308769b79">
      <Execution id="37ed2a6d-e0b5-432f-ad5d-dd70e7cb4fbd" />
      <TestMethod codeBase="C:\dev\Respawn\Respawn.UnitTests\bin\Release\net461\Respawn.UnitTests.dll" adapterTypeName="executor://xunit/VsTestRunner2/desktop_and_uap" className="Respawn.UnitTests.GraphTests" name="ShouldConstructDeleteListWithOneTable" />
    </UnitTest>
    <UnitTest name="Respawn.UnitTests.GraphTests.ShouldFindCyclicRelationships" storage="c:\dev\respawn\respawn.unittests\bin\release\net461\respawn.unittests.dll" id="3ce16357-5d90-84a3-c9ca-62c82802f802">
      <Execution id="6560812e-7fad-49f3-86c5-9784b9604741" />
      <TestMethod codeBase="C:\dev\Respawn\Respawn.UnitTests\bin\Release\net461\Respawn.UnitTests.dll" adapterTypeName="executor://xunit/VsTestRunner2/desktop_and_uap" className="Respawn.UnitTests.GraphTests" name="ShouldFindCyclicRelationships" />
    </UnitTest>
    <UnitTest name="Respawn.UnitTests.GraphTests.ShouldConstructDeleteListWithMultipleDisparateRelationships" storage="c:\dev\respawn\respawn.unittests\bin\release\net461\respawn.unittests.dll" id="786aef16-21c7-3d9c-32a1-742d4ca9f783">
      <Execution id="c3bddd29-ad29-401b-be5d-9bc06874e8a8" />
      <TestMethod codeBase="C:\dev\Respawn\Respawn.UnitTests\bin\Release\net461\Respawn.UnitTests.dll" adapterTypeName="executor://xunit/VsTestRunner2/desktop_and_uap" className="Respawn.UnitTests.GraphTests" name="ShouldConstructDeleteListWithMultipleDisparateRelationships" />
    </UnitTest>
    <UnitTest name="Respawn.UnitTests.GraphTests.ShouldIgnoreSelfReferences" storage="c:\dev\respawn\respawn.unittests\bin\release\net461\respawn.unittests.dll" id="46d0d1f0-5f05-d6f9-40ce-954210a50b6f">
      <Execution id="6dc8d1c8-1371-4964-a35e-0242dbbea7f5" />
      <TestMethod codeBase="C:\dev\Respawn\Respawn.UnitTests\bin\Release\net461\Respawn.UnitTests.dll" adapterTypeName="executor://xunit/VsTestRunner2/desktop_and_uap" className="Respawn.UnitTests.GraphTests" name="ShouldIgnoreSelfReferences" />
    </UnitTest>
    <UnitTest name="Respawn.UnitTests.GraphTests.ShouldConstructDeleteListWithMultipleEquivalentRelationships" storage="c:\dev\respawn\respawn.unittests\bin\release\net461\respawn.unittests.dll" id="fb58bf64-d5a3-2dc0-37be-ec9a69536967">
      <Execution id="fe5bc6f7-a637-4bf0-a5f0-c291c5378821" />
      <TestMethod codeBase="C:\dev\Respawn\Respawn.UnitTests\bin\Release\net461\Respawn.UnitTests.dll" adapterTypeName="executor://xunit/VsTestRunner2/desktop_and_uap" className="Respawn.UnitTests.GraphTests" name="ShouldConstructDeleteListWithMultipleEquivalentRelationships" />
    </UnitTest>
    <UnitTest name="Respawn.UnitTests.GraphTests.ShouldIsolateCycleRelationships" storage="c:\dev\respawn\respawn.unittests\bin\release\net461\respawn.unittests.dll" id="5ff2fbf9-b1ad-1503-3959-a125e13f6918">
      <Execution id="17d5c9a8-b6e7-47fc-a626-6d301f373cd3" />
      <TestMethod codeBase="C:\dev\Respawn\Respawn.UnitTests\bin\Release\net461\Respawn.UnitTests.dll" adapterTypeName="executor://xunit/VsTestRunner2/desktop_and_uap" className="Respawn.UnitTests.GraphTests" name="ShouldIsolateCycleRelationships" />
    </UnitTest>
    <UnitTest name="Respawn.UnitTests.GraphTests.ShouldRemoveCyclesExcludingNormalRelationships" storage="c:\dev\respawn\respawn.unittests\bin\release\net461\respawn.unittests.dll" id="15d462f3-e69b-6460-3d6c-6acfce383cb3">
      <Execution id="fa139fdc-9822-4f72-b34a-4bbffa86f390" />
      <TestMethod codeBase="C:\dev\Respawn\Respawn.UnitTests\bin\Release\net461\Respawn.UnitTests.dll" adapterTypeName="executor://xunit/VsTestRunner2/desktop_and_uap" className="Respawn.UnitTests.GraphTests" name="ShouldRemoveCyclesExcludingNormalRelationships" />
    </UnitTest>
  </TestDefinitions>
  <TestEntries>
    <TestEntry testId="a33a8064-7782-242d-f8c6-cadc59553872" executionId="c6f7a73b-697b-4e1d-9b3e-cdb0ca77c995" testListId="8c84fa94-04c1-424b-9868-57a2d4851a1d" />
    <TestEntry testId="fd0e0b81-5b71-c600-549a-a08e513e6112" executionId="fb055ffa-8b1e-48fd-a30f-ac658b2d892b" testListId="8c84fa94-04c1-424b-9868-57a2d4851a1d" />
    <TestEntry testId="66ec047c-3182-da4e-a81b-4634d053e0f7" executionId="4ff0befc-69ad-4fd8-b620-89df9ab89323" testListId="8c84fa94-04c1-424b-9868-57a2d4851a1d" />
    <TestEntry testId="46d0d1f0-5f05-d6f9-40ce-954210a50b6f" executionId="6dc8d1c8-1371-4964-a35e-0242dbbea7f5" testListId="8c84fa94-04c1-424b-9868-57a2d4851a1d" />
    <TestEntry testId="fb58bf64-d5a3-2dc0-37be-ec9a69536967" executionId="fe5bc6f7-a637-4bf0-a5f0-c291c5378821" testListId="8c84fa94-04c1-424b-9868-57a2d4851a1d" />
    <TestEntry testId="15d462f3-e69b-6460-3d6c-6acfce383cb3" executionId="fa139fdc-9822-4f72-b34a-4bbffa86f390" testListId="8c84fa94-04c1-424b-9868-57a2d4851a1d" />
    <TestEntry testId="0c4d526c-091f-86a1-0513-4b5b57d1c9cb" executionId="f83011e0-698d-4a0c-8104-39d524d13085" testListId="8c84fa94-04c1-424b-9868-57a2d4851a1d" />
    <TestEntry testId="786aef16-21c7-3d9c-32a1-742d4ca9f783" executionId="c3bddd29-ad29-401b-be5d-9bc06874e8a8" testListId="8c84fa94-04c1-424b-9868-57a2d4851a1d" />
    <TestEntry testId="bb4e5e31-aa8e-705a-4163-cb7b0f413b75" executionId="a46cb131-fbff-449b-ae9d-00fa5f65ca04" testListId="8c84fa94-04c1-424b-9868-57a2d4851a1d" />
    <TestEntry testId="3ce16357-5d90-84a3-c9ca-62c82802f802" executionId="6560812e-7fad-49f3-86c5-9784b9604741" testListId="8c84fa94-04c1-424b-9868-57a2d4851a1d" />
    <TestEntry testId="5ff2fbf9-b1ad-1503-3959-a125e13f6918" executionId="17d5c9a8-b6e7-47fc-a626-6d301f373cd3" testListId="8c84fa94-04c1-424b-9868-57a2d4851a1d" />
    <TestEntry testId="5e316135-4235-7ca8-b16c-070308769b79" executionId="37ed2a6d-e0b5-432f-ad5d-dd70e7cb4fbd" testListId="8c84fa94-04c1-424b-9868-57a2d4851a1d" />
    <TestEntry testId="348d664d-a27f-9554-122e-cadd663c2237" executionId="df8208fd-7e4c-431f-a6a1-b2b9e09621a9" testListId="8c84fa94-04c1-424b-9868-57a2d4851a1d" />
    <TestEntry testId="d11be24e-445a-0866-d363-8e1e4b4c80ca" executionId="b7685f50-9e6c-43e3-adf4-499356e51f73" testListId="8c84fa94-04c1-424b-9868-57a2d4851a1d" />
  </TestEntries>
  <TestLists>
    <TestList name="Results Not in a List" id="8c84fa94-04c1-424b-9868-57a2d4851a1d" />
    <TestList name="All Loaded Results" id="19431567-8539-422a-85d7-44ee4e166bda" />
  </TestLists>
  <ResultSummary outcome="Completed">
    <Counters total="14" executed="14" passed="14" failed="0" error="0" timeout="0" aborted="0" inconclusive="0" passedButRunAborted="0" notRunnable="0" notExecuted="0" disconnected="0" warning="0" completed="0" inProgress="0" pending="0" />
    <Output>
      <StdOut>[xUnit.net 00:00:00.4485187]   Discovering: Respawn.UnitTests&#xD;
[xUnit.net 00:00:00.5792975]   Discovered:  Respawn.UnitTests&#xD;
[xUnit.net 00:00:00.5876058]   Starting:    Respawn.UnitTests&#xD;
[xUnit.net 00:00:01.1113864]   Finished:    Respawn.UnitTests&#xD;
</StdOut>
    </Output>
  </ResultSummary>
</TestRun>